-work//:new Date(12, 11, 10): [0012-11-10 weekday 6]
-work//:new Date(1, 1, 1): [0001-01-01 weekday 1]
-work//:new Date(1500, 2, 29): [bubble]
-work//:new Date(1582, 10, 10): [1582-10-10 weekday 7]
-work//:new Date(1600, 2, 29): [1600-02-29 weekday 2]
-work//:new Date(1900, 2, 29): [bubble]
-work//:new Date(2023, 6, -1): [bubble]
-work//:new Date(2023, -1, 1): [bubble]
-work//:new Date(2023, 0, 1): [bubble]
-work//:new Date(2023, 4, 31): [bubble]
-work//:new Date(12345, 1, 2): [12345-01-02 weekday 2]
-work//:fromIsoString 1596-03-31: [1596-03-31]
-work//:fromIsoString 0012-11-10: [0012-11-10]
-work//:fromIsoString 96-03-31: [bubble]
-work//:fromIsoString 15960331: [bubble]
-work//:fromIsoString 1596-091: [bubble]
-work//:fromIsoString +1596-03-31: [1596-03-31]
-work//:fromIsoString  1596-03-31: [1596-03-31]
-work//:fromIsoString 1596-03-31 : [bubble]
-work//:fromIsoString 12345-01-02: [12345-01-02]
-work//:fromIsoString 1596-3-31: [bubble]
-work//:fromIsoString 1596-03-3: [bubble]
-work//:fromIsoString 1596-02-30: [bubble]
-work//:fromIsoString ١٥٩٦-03-31: [1596-03-31]
-work//:yearsBetween 2020-02-29 2021-02-28: [0]
-work//:yearsBetween 2020-02-29 2021-03-01: [1]
-work//:yearsBetween 2012-03-21 2010-03-21: [-2]
