new Date(12, 11, 10): [0012-11-10 weekday 6]
new Date(1, 1, 1): [0001-01-01 weekday 1]
new Date(1500, 2, 29): [bubble]
new Date(1582, 10, 10): [1582-10-10 weekday 7]
new Date(1600, 2, 29): [1600-02-29 weekday 2]
new Date(1900, 2, 29): [bubble]
new Date(2023, 6, -1): [bubble]
new Date(2023, -1, 1): [bubble]
new Date(2023, 0, 1): [bubble]
new Date(2023, 4, 31): [bubble]
new Date(12345, 1, 2): [bubble]
fromIsoString 1596-03-31: [1596-03-31]
fromIsoString 0012-11-10: [0012-11-10]
fromIsoString 96-03-31: [bubble]
fromIsoString 15960331: [1596-03-31]
fromIsoString 1596-091: [bubble]
fromIsoString +1596-03-31: [bubble]
fromIsoString  1596-03-31: [bubble]
fromIsoString 1596-03-31 : [bubble]
fromIsoString 12345-01-02: [bubble]
fromIsoString 1596-3-31: [bubble]
fromIsoString 1596-03-3: [bubble]
fromIsoString 1596-02-30: [bubble]
fromIsoString ١٥٩٦-03-31: [bubble]
yearsBetween 2020-02-29 2021-02-28: [0]
yearsBetween 2020-02-29 2021-03-01: [1]
yearsBetween 2012-03-21 2010-03-21: [-2]
