duplicate keys in constructor: [a=3 b=2]
duplicate keys length: [2]
overwrite keeps place: [x=10 y=2 z=3]
remove then set moves to end: [y=2 z=3 x=100]
get missing: [bubble]
remove missing: [bubble]
remove returns: [2]
after remove: [z=3 x=100]
keys() after a later set: [z x]
values() after a later set: [3 100]
toMap() after a later set: [z=3 x=100]
has key with null value: [true]
getOr key with null value: [null]
get key with null value: [null]
remove key with null value: [null]
length after: [0]
composed and decomposed are two keys: [3]
empty string key: [3]
int keys: [-1:minus 0:zero 2147483647:max]
set existing during forEach: [a=2]
remove during forEach: [a=1 seen 1]
toMapBuilder copies: [3 4]
pairs: [(z,3)(x,100)(w,4)]
