split a,,b,: [a||b|]
split ,: [|]
split abab by ab: [||]
split κό by empty: [κ|ό]
split 🌍x🌍 by x: [🌍|🌍]
walk κόσμε𐆊: [3ba 3cc 3c3 3bc 3b5 1018a / back 6 / count 6]
walk : [/ back 0 / count 0]
walk a🌍b: [61 1f30d 62 / back 3 / count 3]
indexOf café in naïve café: [café]
indexOf e in naïve café: [e café]
indexOf x in naïve café: [none]
indexOf  in : []
indexOf  in abc: [abc]
toInt32 +5: [5]
toInt32 -0: [0]
toInt32 007: [7]
toInt32  7 : [7]
toInt32 : [bubble]
toInt32 1e3: [bubble]
toInt32 -2147483648: [-2147483648]
toInt32 2147483648: [bubble]
toInt32 ٣: [3]
toInt32 FF radix 16: [255]
toInt32 ff radix 16: [255]
toInt32 -7fffffff radix 16: [-2147483647]
toInt32 0x10 radix 16: [16]
toInt32 g radix 16: [bubble]
toFloat64 1e3: [1000.0]
toFloat64 -0: [-0.0]
toFloat64 1E+2: [100.0]
toFloat64 1.: [bubble]
toFloat64 .5: [bubble]
toFloat64  2.5 : [2.5]
toFloat64 NaN: [NaN]
toFloat64 -Infinity: [-Infinity]
toFloat64 1e400: [bubble]
toFloat64 0.1: [0.1]
builder: [héllo🌍yz / héllo / again]
sorted: [|Zebra|apple|zebra|Äpfel|éclair]
less: [true false true true]
empty: [true false]
